mv ../rayobeido.html .
mv ../mattwilson.html .
mv ../sjallstars.html .
mv ../simulcast.html .
mv ../latinjazz.html .
mv ../alongcamebetty.html .
mv ../aliciaolatuja.html .
mv ../kennybarron.html .
mv ../robertagambarini.html .
mv ../milesmosley.html .
mv ../berklee.html .
mv ../geraldclayton.html .
mv ../herbiehancock.html .
mv ../gogopenguins.html .
mv ../joelfrahm.html .
mv ../sfconservatory.html .
mv ../nextgen.html .
mv ../monsieurperrine.html .
mv ../akilibradley.html .
mv ../gogopenguin.html .
mv ../ucsccombo.html .
mv ../rioamericano.html .
mv ../conbrio.html .
mv ../sfjazzhs.html .
mv ../buchanan.html .
mv ../aliryerson.html .
mv ../downbeat.html .
mv ../mrsipp.html .
mv ../matthewwhitaker.html .
mv ../mjf.html .
mv ../brubeck.html .
mv ../thesuffers.html .
mv ../rodgerfox.html .
mv ../pedritomartinez.html .
mv ../morgan.html .
mv ../firstcorps.html .
mv ../kyleeastwood.html .
mv ../csusac.html .
mv ../kandacesprings.html .
mv ../royhargrove.html .
mv ../clayton-hamilton.html .
mv ../joannebrackeen.html .
mv ../reginacarter.html .
mv ../leslieodomjr.html .
mv ../sammymiller.html .
mv ../derrick.html .
mv ../sonny.html .
mv ../deedee.html .
mv ../seanjones.html .
mv ../conversation.html .
mv ../joshuatazman.html .
mv ../LatinJazzCollective.jpg .
mv ../AlongCameBetty.jpg .
mv ../AliciaOlatuja.jpg .
mv ../kennybarron.jpg .
mv ../robertagambarini.jpg .
mv ../milesmosley.jpg .
mv ../berklee.jpg .
mv ../geraldclayton.jpg .
mv ../herbie.jpg .
mv ../nextgen.jpg .
mv ../MonseurPerine.jpg .
mv ../akilibradley.jpg .
mv ../akilibradley2.jpg .
mv ../gogopenguin.jpg .
mv ../santacruz.jpg .
mv ../rioamericano.jpg .
mv ../conbrio.jpg .
mv ../sfhscombo.jpg .
mv ../Buchanan.jpg .
mv ../aliryerson.jpg .
mv ../tiafuller.jpg .
mv ../ingridjensen.jpg .
mv ../mrsipp.jpg .
mv ../matthewwhitaker.jpg .
mv ../brubeckquintet.jpg .
mv ../thesuffers.jpg .
mv ../rodgerfox.jpg .
mv ../chriscain.jpg .
mv ../pedritomartinez.jpg .
mv ../leemorgan.jpg .
mv ../firstcorp.jpg .
mv ../kyleeastwood.jpg .
mv ../voxnow.jpg .
mv ../kandacesprings.jpg .
mv ../royhargrove.jpg .
mv ../clayton-hamilton.jpg .
mv ../joannebrackeen.jpg .
mv ../reginacarter.jpg .
mv ../leslieodom.jpg .
mv ../sammymiller.jpg .
mv ../derrickhodge.jpg .
mv ../mikemitchell.jpg .
mv ../sonny.jpg .
mv ../deedee.jpg .
mv ../seanjones.jpg .
mv ../joshuatazman.jpg .
mv ../frahmquartet.png .
